# @(#)50	1.1  src/bos/usr/lib/nls/bidi/maps/Iw_IL.IBM-856@alt/kbrd.MAP, cfgnls, bos411, 9428A410j 8/27/93 09:45:59
#
#   COMPONENT_NAME: CFGNLS
#
#   FUNCTIONS: 
#
#   ORIGINS: 27
#
#
#   (C) COPYRIGHT International Business Machines Corp. 1993
#   All Rights Reserved
#   Licensed Materials - Property of IBM
#   US Government Users Restricted Rights - Use, duplication or
#   disclosure restricted by GSA ADP Schedule Contract with IBM Corp.
#

#  KHB.map
#   -------
#
#  This is the maping of keyboard while in Hebrew_Alpha mode.
#  Only keys afected must be present in the file.
#  The first value is the ASCII decimal code of the the "ENGLISH"
#  mode, the second is the value of the INTERNAL ( at the moment
#  PC code page 856) EHterm ASCII decimal representation of
#  corresponding hebrew character.
#
#
# key          converted
#                 to
#
 39               44      #   '     -> ,
 44              154      #   ,     -> taf
 46              149      #   .     -> zadi sofit
 47               46      #   /     -> .
 59              147      #   ;     -> peh sofit
 96               59      #   `     -> ;
 97              153      #   a     -> shin
 98              144      #   b     -> nun
 99              129      #   c     -> beth
100              130      #   d     -> gimel
101              151      #   e     -> kuf
102              139      #   f     -> khaf
103              146      #   g     -> ain
104              137      #   h     -> joth
105              143      #   i     -> nun sofit
106              135      #   j     -> chetj
107              140      #   k     -> lamed
108              138      #   l     -> khaf sofith
109              150      #   m     -> tzadik
110              142      #   n     -> mem
111              141      #   o     -> mem sofit
112              148      #   p     -> peh
113               47      #   q     -> /
114              152      #   r     -> resh
115              131      #   s     -> daleth
116              128      #   t     -> alef
117              133      #   u     -> vav
118              132      #   v     -> he
119               39      #   w     -> '
120              145      #   x     -> samach
121              136      #   y     -> teth
122              134      #   z     -> zain

